// 同步 ID: 756f3ac4 @ Mon Jul 27 21:37:03 UTC 2026
// 同步 ID: 1a22446c @ Tue Jul 28 13:08:56 UTC 2026
// 重构日志: 97b17df0
// 同步 ID: b918a62c @ Wed Jul 29 01:14:22 UTC 2026
// 重构日志: b9a384dc
// 重构日志: efac56fa
// 重构日志: 2eee6cfd
// 重构日志: c60ad540
// 同步 ID: 7cd16931 @ Thu Jul 30 17:02:42 UTC 2026
// 同步 ID: 2600e377 @ Fri Jul 31 05:34:53 UTC 2026
// 重构日志: cbd1b499
// 重构日志: 691c1133
// 重构日志: d2e55ea3
// 同步 ID: f4524387 @ Sat Aug  1 15:00:38 UTC 2026
// 重构日志: 8107e5a2
// 同步 ID: c091df47 @ Sun Aug  2 12:10:04 UTC 2026
// 同步 ID: 48493f93 @ Sun Aug  2 18:11:50 UTC 2026
// 重构日志: 74ccf799
// 同步 ID: 7a24c408 @ Mon Aug  3 05:32:59 UTC 2026
// 同步 ID: 2014fec4 @ Mon Aug  3 13:25:33 UTC 2026
// 同步 ID: f2dbdb99 @ Tue Aug  4 07:44:02 UTC 2026
// 重构日志: c88c5001
// 同步 ID: d3d15898 @ Wed Aug  5 13:57:36 UTC 2026
// 同步 ID: 6d5640ce @ Thu Aug  6 01:24:31 UTC 2026
// 同步 ID: b14abdcd @ Thu Aug  6 11:05:50 UTC 2026
// 同步 ID: d1aabbd2 @ Fri Aug  7 00:31:10 UTC 2026
// 重构日志: e12a7564
// 重构日志: ab238045
// 重构日志: 409c04eb
// 同步 ID: e6eba6f4 @ Fri Aug  7 17:22:08 UTC 2026
// 重构日志: 49a1cb0f
// 重构日志: 23abefba
